// Jest Snapshot v1, https://goo.gl/fbAQLP

exports[`Test on <SearchPage /> should be displayed correctly with default values 1`] = `
<div>
  <div
    class="container"
  >
    <div
      class="row row-cols-md-2 row-cols-lg-2 row-cols-xl-2 g-2"
    >
      <h1
        class="fw-semibold text-center p-4"
      >
        Most Powerful Characters of The Star Wars Saga
      </h1>
      <hr />
      <div
        class="col-sm-12 col-md-6 col-lg-6 mb-3"
      >
        <h4
          class="d-flex justify-content-around justify-content-md-start"
        >
          Searching
        </h4>
        <hr />
        <form
          aria-label="form"
        >
          <input
            autocomplete="off"
            class="form-control"
            name="searchText"
            placeholder="Search a character"
            type="text"
            value=""
          />
          <button
            class="btn btn-warning mt-2"
          >
            Search
          </button>
        </form>
      </div>
      <div
        class="col-sm-12 col-md-6 col-lg-6"
      >
        <h4
          class="d-flex justify-content-around justify-content-md-start text-center"
        >
          Results
        </h4>
        <hr />
        <div
          class="alert alert-warning animate__animated animate_fadeIn"
        >
          Search for a character from the star wars saga
        </div>
        <div
          aria-label="alert-danger"
          class="alert alert-danger animate__animated animate_fadeIn"
          style="display: none;"
        >
          No character with 
          <b />
        </div>
      </div>
    </div>
  </div>
</div>
`;
